// Jest Snapshot v1, https://goo.gl/fbAQLP

exports[`Test DialogComment snapshot 1`] = `
<div>
  <button
    id="editBtn"
    onClick={[Function]}
    type="button"
  >
    Edit
  </button>
</div>
`;
