// Jest Snapshot v1, https://goo.gl/fbAQLP

exports[`Test Friend snapshot 1`] = `
<div
  className="Container_two"
>
  <div
    className="makeStyles-root-1"
  >
    <svg
      aria-describedby={null}
      aria-hidden={true}
      className="MuiSvgIcon-root button"
      focusable="false"
      onBlur={[Function]}
      onClick={[Function]}
      onFocus={[Function]}
      onMouseLeave={[Function]}
      onMouseOver={[Function]}
      onTouchEnd={[Function]}
      onTouchStart={[Function]}
      title="Message"
      viewBox="0 0 24 24"
    >
      <path
        d="M20 2H4c-1.1 0-1.99.9-1.99 2L2 22l4-4h14c1.1 0 2-.9 2-2V4c0-1.1-.9-2-2-2zM6 9h12v2H6V9zm8 5H6v-2h8v2zm4-6H6V6h12v2z"
      />
    </svg>
    <svg
      aria-describedby={null}
      aria-hidden={true}
      className="MuiSvgIcon-root button MuiSvgIcon-colorSecondary"
      focusable="false"
      onBlur={[Function]}
      onClick={[Function]}
      onFocus={[Function]}
      onMouseLeave={[Function]}
      onMouseOver={[Function]}
      onTouchEnd={[Function]}
      onTouchStart={[Function]}
      title="Block user"
      viewBox="0 0 24 24"
    >
      <path
        d="M12 2C6.48 2 2 6.48 2 12s4.48 10 10 10 10-4.48 10-10S17.52 2 12 2zM4 12c0-4.42 3.58-8 8-8 1.85 0 3.55.63 4.9 1.69L5.69 16.9C4.63 15.55 4 13.85 4 12zm8 8c-1.85 0-3.55-.63-4.9-1.69L18.31 7.1C19.37 8.45 20 10.15 20 12c0 4.42-3.58 8-8 8z"
      />
    </svg>
    <svg
      aria-describedby={null}
      aria-hidden={true}
      className="MuiSvgIcon-root button"
      focusable="false"
      onBlur={[Function]}
      onClick={[Function]}
      onFocus={[Function]}
      onMouseLeave={[Function]}
      onMouseOver={[Function]}
      onTouchEnd={[Function]}
      onTouchStart={[Function]}
      title="Unfollow"
      viewBox="0 0 24 24"
    >
      <circle
        cx="15"
        cy="8"
        r="4"
      />
      <path
        d="M23 20v-2c0-2.3-4.1-3.7-6.9-3.9l6 5.9h.9zm-11.6-5.5C9.2 15.1 7 16.3 7 18v2h9.9l4 4 1.3-1.3-21-20.9L0 3.1l4 4V10H1v2h3v3h2v-3h2.9l2.5 2.5zM6 10v-.9l.9.9H6z"
      />
    </svg>
  </div>
  <div
    className="followerContainer"
  >
    <div
      className="myimgContainer"
    >
      <img
        alt=""
        className="myimg"
        src="/api/viewFile/logo512.png"
      />
    </div>
  </div>
  <div
    className="text"
  >
    isimbib
  </div>
</div>
`;
