// Jest Snapshot v1, https://goo.gl/fbAQLP

exports[`Test Lobby snapshot 1`] = `[Function]`;
