// Jest Snapshot v1, https://goo.gl/fbAQLP

exports[`Test MessagePage snapshot 1`] = `[Function]`;
