// Jest Snapshot v1, https://goo.gl/fbAQLP

exports[`Test NomralUser snapshot 1`] = `
<div>
  <h1>
    Normal User
  </h1>
</div>
`;
