// Jest Snapshot v1, https://goo.gl/fbAQLP

exports[`Test ProfilePicture snapshot 1`] = `
<div
  className="container-profile"
>
  <div
    className="pictures"
  >
    <img
      alt=""
      id="overlay"
      src="/api/viewFile/logo512.png"
    />
    <img
      alt=""
      id="originalDiv"
      src="/api/viewFile/logo512.png"
    />
  </div>
  <br />
  <div
    className="username"
  >
    <span
      id="username"
    >
      isimbib
    </span>
  </div>
  <div
    className="deleteButton"
  >
    <div>
      <button
        className="btn"
        id="delete"
        onClick={[Function]}
        style={
          Object {
            "backgroundColor": "inherit",
            "border": "none",
            "color": "#00695c",
          }
        }
        type="button"
      >
        My Blocked Users
      </button>
    </div>
    <div>
      <button
        id="delete"
        onClick={[Function]}
        style={
          Object {
            "backgroundColor": "inherit",
            "border": "none",
            "color": "#00695c",
          }
        }
        type="button"
      >
        Delete account
      </button>
    </div>
    <div>
      <button
        id="change"
        onClick={[Function]}
        style={
          Object {
            "backgroundColor": "inherit",
            "border": "none",
            "color": "#00695c",
          }
        }
        type="button"
      >
        Change password
      </button>
    </div>
  </div>
</div>
`;
