// Jest Snapshot v1, https://goo.gl/fbAQLP

exports[`Test ProfilePage snapshot 1`] = `<div />`;

exports[`Test Regisration snapshot 1`] = `<div />`;
