// Jest Snapshot v1, https://goo.gl/fbAQLP

exports[`Test Menu snapshot 1`] = `[Function]`;
